
*** Running vivado
    with args -log design_1_pot_to_const_0_0.vds -m64 -product Vivado -mode batch -messageDb vivado.pb -notrace -source design_1_pot_to_const_0_0.tcl


****** Vivado v2021.1 (64-bit)
  **** SW Build 3247384 on Thu Jun 10 19:36:07 MDT 2021
  **** IP Build 3246043 on Fri Jun 11 00:30:35 MDT 2021
    ** Copyright 1986-2021 Xilinx, Inc. All Rights Reserved.

source design_1_pot_to_const_0_0.tcl -notrace
INFO: [IP_Flow 19-234] Refreshing IP repositories
INFO: [IP_Flow 19-1700] Loaded user IP repository '/home/kenny/Downloads/ip_repo/AXI_PID_Controller_Peripheral_1.0'.
INFO: [IP_Flow 19-1700] Loaded user IP repository '/home/kenny/Downloads/ip_repo/PID_AXI_1.0'.
INFO: [IP_Flow 19-1700] Loaded user IP repository '/home/kenny/Downloads/ip_repo/AXIPIDController_1.0'.
INFO: [IP_Flow 19-1700] Loaded user IP repository '/home/kenny/Downloads/vivado-library-master'.
INFO: [IP_Flow 19-1700] Loaded user IP repository '/home/kenny/Documents/pid_controller'.
INFO: [IP_Flow 19-2313] Loaded Vivado IP repository '/tools/Xilinx/Vivado/2021.1/data/ip'.
Command: synth_design -top design_1_pot_to_const_0_0 -part xc7z020clg400-1 -mode out_of_context
Starting synth_design
Attempting to get a license for feature 'Synthesis' and/or device 'xc7z020'
INFO: [Common 17-349] Got license for feature 'Synthesis' and/or device 'xc7z020'
INFO: [Device 21-403] Loading part xc7z020clg400-1
INFO: [Synth 8-7079] Multithreading enabled for synth_design using a maximum of 4 processes.
INFO: [Synth 8-7078] Launching helper process for spawning children vivado processes
INFO: [Synth 8-7075] Helper process launched with PID 212578
---------------------------------------------------------------------------------
Starting RTL Elaboration : Time (s): cpu = 00:00:03 ; elapsed = 00:00:04 . Memory (MB): peak = 2452.473 ; gain = 0.000 ; free physical = 1293 ; free virtual = 4549
---------------------------------------------------------------------------------
INFO: [Synth 8-6157] synthesizing module 'design_1_pot_to_const_0_0' [/home/kenny/Downloads/can_communication/can_communication.gen/sources_1/bd/design_1/ip/design_1_pot_to_const_0_0/synth/design_1_pot_to_const_0_0.v:58]
INFO: [Synth 8-6157] synthesizing module 'pot_to_const' [/home/kenny/Downloads/pot_to_const.v:3]
INFO: [Synth 8-6157] synthesizing module 'XADC' [/tools/Xilinx/Vivado/2021.1/scripts/rt/data/unisim_comp.v:105109]
INFO: [Synth 8-6155] done synthesizing module 'XADC' (1#1) [/tools/Xilinx/Vivado/2021.1/scripts/rt/data/unisim_comp.v:105109]
INFO: [Synth 8-6155] done synthesizing module 'pot_to_const' (2#1) [/home/kenny/Downloads/pot_to_const.v:3]
INFO: [Synth 8-6155] done synthesizing module 'design_1_pot_to_const_0_0' (3#1) [/home/kenny/Downloads/can_communication/can_communication.gen/sources_1/bd/design_1/ip/design_1_pot_to_const_0_0/synth/design_1_pot_to_const_0_0.v:58]
---------------------------------------------------------------------------------
Finished RTL Elaboration : Time (s): cpu = 00:00:04 ; elapsed = 00:00:04 . Memory (MB): peak = 2452.473 ; gain = 0.000 ; free physical = 604 ; free virtual = 3862
---------------------------------------------------------------------------------
---------------------------------------------------------------------------------
Start Handling Custom Attributes
---------------------------------------------------------------------------------
---------------------------------------------------------------------------------
Finished Handling Custom Attributes : Time (s): cpu = 00:00:05 ; elapsed = 00:00:05 . Memory (MB): peak = 2452.473 ; gain = 0.000 ; free physical = 596 ; free virtual = 3855
---------------------------------------------------------------------------------
---------------------------------------------------------------------------------
Finished RTL Optimization Phase 1 : Time (s): cpu = 00:00:05 ; elapsed = 00:00:05 . Memory (MB): peak = 2452.473 ; gain = 0.000 ; free physical = 596 ; free virtual = 3855
---------------------------------------------------------------------------------
Netlist sorting complete. Time (s): cpu = 00:00:00 ; elapsed = 00:00:00 . Memory (MB): peak = 2452.473 ; gain = 0.000 ; free physical = 588 ; free virtual = 3847
WARNING: [Netlist 29-345] The value of SIM_DEVICE on instance 'inst/u_xadc' of type 'XADC' is '7SERIES'; it is being changed to match the current FPGA architecture, 'ZYNQ'. For functional simulation to match hardware behavior, the value of SIM_DEVICE should be changed in the source netlist. 
INFO: [Netlist 29-17] Analyzing 1 Unisim elements for replacement
INFO: [Netlist 29-28] Unisim Transformation completed in 0 CPU seconds
INFO: [Project 1-570] Preparing netlist for logic optimization

Processing XDC Constraints
Initializing timing engine
Completed Processing XDC Constraints

Netlist sorting complete. Time (s): cpu = 00:00:00 ; elapsed = 00:00:00 . Memory (MB): peak = 2516.430 ; gain = 0.000 ; free physical = 1312 ; free virtual = 4571
INFO: [Project 1-111] Unisim Transformation Summary:
No Unisim elements were transformed.

Constraint Validation Runtime : Time (s): cpu = 00:00:00.01 ; elapsed = 00:00:00.01 . Memory (MB): peak = 2516.430 ; gain = 0.000 ; free physical = 1312 ; free virtual = 4571
---------------------------------------------------------------------------------
Finished Constraint Validation : Time (s): cpu = 00:00:09 ; elapsed = 00:00:10 . Memory (MB): peak = 2516.430 ; gain = 63.957 ; free physical = 1349 ; free virtual = 4608
---------------------------------------------------------------------------------
---------------------------------------------------------------------------------
Start Loading Part and Timing Information
---------------------------------------------------------------------------------
Loading part: xc7z020clg400-1
---------------------------------------------------------------------------------
Finished Loading Part and Timing Information : Time (s): cpu = 00:00:09 ; elapsed = 00:00:10 . Memory (MB): peak = 2516.430 ; gain = 63.957 ; free physical = 1349 ; free virtual = 4608
---------------------------------------------------------------------------------
---------------------------------------------------------------------------------
Start Applying 'set_property' XDC Constraints
---------------------------------------------------------------------------------
---------------------------------------------------------------------------------
Finished applying 'set_property' XDC Constraints : Time (s): cpu = 00:00:09 ; elapsed = 00:00:10 . Memory (MB): peak = 2516.430 ; gain = 63.957 ; free physical = 1349 ; free virtual = 4608
---------------------------------------------------------------------------------
---------------------------------------------------------------------------------
Finished RTL Optimization Phase 2 : Time (s): cpu = 00:00:09 ; elapsed = 00:00:10 . Memory (MB): peak = 2516.430 ; gain = 63.957 ; free physical = 1349 ; free virtual = 4609
---------------------------------------------------------------------------------
---------------------------------------------------------------------------------
Start RTL Component Statistics 
---------------------------------------------------------------------------------
Detailed RTL Component Info : 
+---Adders : 
	   2 Input    2 Bit       Adders := 1     
+---Registers : 
	               12 Bit    Registers := 3     
	                2 Bit    Registers := 1     
	                1 Bit    Registers := 2     
+---Muxes : 
	   4 Input    5 Bit        Muxes := 1     
	   2 Input    2 Bit        Muxes := 1     
	   2 Input    1 Bit        Muxes := 1     
	   4 Input    1 Bit        Muxes := 3     
---------------------------------------------------------------------------------
Finished RTL Component Statistics 
---------------------------------------------------------------------------------
---------------------------------------------------------------------------------
Start Part Resource Summary
---------------------------------------------------------------------------------
Part Resources:
DSPs: 220 (col length:60)
BRAMs: 280 (col length: RAMB18 60 RAMB36 30)
---------------------------------------------------------------------------------
Finished Part Resource Summary
---------------------------------------------------------------------------------
---------------------------------------------------------------------------------
Start Cross Boundary and Area Optimization
---------------------------------------------------------------------------------
---------------------------------------------------------------------------------
Finished Cross Boundary and Area Optimization : Time (s): cpu = 00:00:10 ; elapsed = 00:00:11 . Memory (MB): peak = 2516.430 ; gain = 63.957 ; free physical = 1352 ; free virtual = 4615
---------------------------------------------------------------------------------
---------------------------------------------------------------------------------
Start Applying XDC Timing Constraints
---------------------------------------------------------------------------------
---------------------------------------------------------------------------------
Finished Applying XDC Timing Constraints : Time (s): cpu = 00:00:15 ; elapsed = 00:00:16 . Memory (MB): peak = 2516.430 ; gain = 63.957 ; free physical = 1337 ; free virtual = 4599
---------------------------------------------------------------------------------
---------------------------------------------------------------------------------
Start Timing Optimization
---------------------------------------------------------------------------------
---------------------------------------------------------------------------------
Finished Timing Optimization : Time (s): cpu = 00:00:15 ; elapsed = 00:00:16 . Memory (MB): peak = 2516.430 ; gain = 63.957 ; free physical = 1337 ; free virtual = 4599
---------------------------------------------------------------------------------
---------------------------------------------------------------------------------
Start Technology Mapping
---------------------------------------------------------------------------------
---------------------------------------------------------------------------------
Finished Technology Mapping : Time (s): cpu = 00:00:15 ; elapsed = 00:00:16 . Memory (MB): peak = 2516.430 ; gain = 63.957 ; free physical = 1337 ; free virtual = 4599
---------------------------------------------------------------------------------
---------------------------------------------------------------------------------
Start IO Insertion
---------------------------------------------------------------------------------
---------------------------------------------------------------------------------
Start Flattening Before IO Insertion
---------------------------------------------------------------------------------
---------------------------------------------------------------------------------
Finished Flattening Before IO Insertion
---------------------------------------------------------------------------------
---------------------------------------------------------------------------------
Start Final Netlist Cleanup
---------------------------------------------------------------------------------
---------------------------------------------------------------------------------
Finished Final Netlist Cleanup
---------------------------------------------------------------------------------
---------------------------------------------------------------------------------
Finished IO Insertion : Time (s): cpu = 00:00:18 ; elapsed = 00:00:19 . Memory (MB): peak = 2516.430 ; gain = 63.957 ; free physical = 1358 ; free virtual = 4619
---------------------------------------------------------------------------------
---------------------------------------------------------------------------------
Start Renaming Generated Instances
---------------------------------------------------------------------------------
---------------------------------------------------------------------------------
Finished Renaming Generated Instances : Time (s): cpu = 00:00:18 ; elapsed = 00:00:19 . Memory (MB): peak = 2516.430 ; gain = 63.957 ; free physical = 1358 ; free virtual = 4619
---------------------------------------------------------------------------------
---------------------------------------------------------------------------------
Start Rebuilding User Hierarchy
---------------------------------------------------------------------------------
---------------------------------------------------------------------------------
Finished Rebuilding User Hierarchy : Time (s): cpu = 00:00:18 ; elapsed = 00:00:19 . Memory (MB): peak = 2516.430 ; gain = 63.957 ; free physical = 1358 ; free virtual = 4619
---------------------------------------------------------------------------------
---------------------------------------------------------------------------------
Start Renaming Generated Ports
---------------------------------------------------------------------------------
---------------------------------------------------------------------------------
Finished Renaming Generated Ports : Time (s): cpu = 00:00:18 ; elapsed = 00:00:19 . Memory (MB): peak = 2516.430 ; gain = 63.957 ; free physical = 1358 ; free virtual = 4619
---------------------------------------------------------------------------------
---------------------------------------------------------------------------------
Start Handling Custom Attributes
---------------------------------------------------------------------------------
---------------------------------------------------------------------------------
Finished Handling Custom Attributes : Time (s): cpu = 00:00:18 ; elapsed = 00:00:19 . Memory (MB): peak = 2516.430 ; gain = 63.957 ; free physical = 1358 ; free virtual = 4619
---------------------------------------------------------------------------------
---------------------------------------------------------------------------------
Start Renaming Generated Nets
---------------------------------------------------------------------------------
---------------------------------------------------------------------------------
Finished Renaming Generated Nets : Time (s): cpu = 00:00:18 ; elapsed = 00:00:19 . Memory (MB): peak = 2516.430 ; gain = 63.957 ; free physical = 1358 ; free virtual = 4619
---------------------------------------------------------------------------------
---------------------------------------------------------------------------------
Start Writing Synthesis Report
---------------------------------------------------------------------------------

Report BlackBoxes: 
+-+--------------+----------+
| |BlackBox name |Instances |
+-+--------------+----------+
+-+--------------+----------+

Report Cell Usage: 
+------+-----+------+
|      |Cell |Count |
+------+-----+------+
|1     |LUT2 |     2|
|2     |LUT3 |     1|
|3     |LUT4 |     4|
|4     |LUT5 |     2|
|5     |XADC |     1|
|6     |FDRE |    40|
+------+-----+------+
---------------------------------------------------------------------------------
Finished Writing Synthesis Report : Time (s): cpu = 00:00:18 ; elapsed = 00:00:19 . Memory (MB): peak = 2516.430 ; gain = 63.957 ; free physical = 1358 ; free virtual = 4619
---------------------------------------------------------------------------------
Synthesis finished with 0 errors, 0 critical warnings and 0 warnings.
Synthesis Optimization Runtime : Time (s): cpu = 00:00:17 ; elapsed = 00:00:17 . Memory (MB): peak = 2516.430 ; gain = 0.000 ; free physical = 1402 ; free virtual = 4662
Synthesis Optimization Complete : Time (s): cpu = 00:00:18 ; elapsed = 00:00:19 . Memory (MB): peak = 2516.430 ; gain = 63.957 ; free physical = 1402 ; free virtual = 4662
INFO: [Project 1-571] Translating synthesized netlist
Netlist sorting complete. Time (s): cpu = 00:00:00 ; elapsed = 00:00:00 . Memory (MB): peak = 2516.430 ; gain = 0.000 ; free physical = 1402 ; free virtual = 4662
WARNING: [Netlist 29-345] The value of SIM_DEVICE on instance 'inst/u_xadc' of type 'XADC' is '7SERIES'; it is being changed to match the current FPGA architecture, 'ZYNQ'. For functional simulation to match hardware behavior, the value of SIM_DEVICE should be changed in the source netlist. 
INFO: [Netlist 29-17] Analyzing 1 Unisim elements for replacement
INFO: [Netlist 29-28] Unisim Transformation completed in 0 CPU seconds
INFO: [Project 1-570] Preparing netlist for logic optimization
INFO: [Opt 31-138] Pushed 0 inverter(s) to 0 load pin(s).
Netlist sorting complete. Time (s): cpu = 00:00:00 ; elapsed = 00:00:00 . Memory (MB): peak = 2516.430 ; gain = 0.000 ; free physical = 1452 ; free virtual = 4713
INFO: [Project 1-111] Unisim Transformation Summary:
No Unisim elements were transformed.

Synth Design complete, checksum: fa966581
INFO: [Common 17-83] Releasing license: Synthesis
29 Infos, 2 Warnings, 0 Critical Warnings and 0 Errors encountered.
synth_design completed successfully
synth_design: Time (s): cpu = 00:00:27 ; elapsed = 00:00:23 . Memory (MB): peak = 2516.430 ; gain = 64.031 ; free physical = 1530 ; free virtual = 4791
INFO: [Common 17-1381] The checkpoint '/home/kenny/Downloads/can_communication/can_communication.runs/design_1_pot_to_const_0_0_synth_1/design_1_pot_to_const_0_0.dcp' has been generated.
INFO: [Coretcl 2-1648] Added synthesis output to IP cache for IP design_1_pot_to_const_0_0, cache-ID = c9922d373d8d356e
INFO: [Common 17-1381] The checkpoint '/home/kenny/Downloads/can_communication/can_communication.runs/design_1_pot_to_const_0_0_synth_1/design_1_pot_to_const_0_0.dcp' has been generated.
INFO: [runtcl-4] Executing : report_utilization -file design_1_pot_to_const_0_0_utilization_synth.rpt -pb design_1_pot_to_const_0_0_utilization_synth.pb
INFO: [Common 17-206] Exiting Vivado at Wed Sep 16 16:43:28 2026...
