Copyright 1986-2021 Xilinx, Inc. All Rights Reserved.
--------------------------------------------------------------------------------------------------------------------------------------------------------------------------------------
| Tool Version : Vivado v.2021.1 (win64) Build 3247384 Thu Jun 10 19:36:33 MDT 2021
| Date         : Mon Sep 21 03:52:45 2026
| Host         : MegaMind running 64-bit major release  (build 9200)
| Command      : report_methodology -file design_1_wrapper_methodology_drc_routed.rpt -pb design_1_wrapper_methodology_drc_routed.pb -rpx design_1_wrapper_methodology_drc_routed.rpx
| Design       : design_1_wrapper
| Device       : xc7z010clg400-1
| Speed File   : -1
| Design State : Fully Routed
--------------------------------------------------------------------------------------------------------------------------------------------------------------------------------------

Report Methodology

Table of Contents
-----------------
1. REPORT SUMMARY
2. REPORT DETAILS

1. REPORT SUMMARY
-----------------
            Netlist: netlist
          Floorplan: design_1
      Design limits: <entire design considered>
             Max violations: <unlimited>
             Violations found: 32
+-----------+----------+-----------------------+------------+
| Rule      | Severity | Description           | Violations |
+-----------+----------+-----------------------+------------+
| TIMING-16 | Warning  | Large setup violation | 32         |
+-----------+----------+-----------------------+------------+

2. REPORT DETAILS
-----------------
TIMING-16#1 Warning
Large setup violation  
There is a large setup violation of -117.770 ns between design_1_i/AXI_PID_Controller_P_0/inst/AXI_PID_Controller_Peripheral_v1_0_S00_AXI_inst/slv_reg1_reg[0]/C (clocked by clk_fpga_0) and design_1_i/initial_math_0/inst/derivative_reg[31]/D (clocked by clk_fpga_0). Large setup violations at the end of those stages might be difficult to fix during the post-placement implementation flow and could be the result of non-optimal XDC constraints or non-optimal design architecture
Related violations: <none>

TIMING-16#2 Warning
Large setup violation  
There is a large setup violation of -121.763 ns between design_1_i/AXI_PID_Controller_P_0/inst/AXI_PID_Controller_Peripheral_v1_0_S00_AXI_inst/slv_reg1_reg[0]/C (clocked by clk_fpga_0) and design_1_i/initial_math_0/inst/derivative_reg[30]/D (clocked by clk_fpga_0). Large setup violations at the end of those stages might be difficult to fix during the post-placement implementation flow and could be the result of non-optimal XDC constraints or non-optimal design architecture
Related violations: <none>

TIMING-16#3 Warning
Large setup violation  
There is a large setup violation of -125.394 ns between design_1_i/AXI_PID_Controller_P_0/inst/AXI_PID_Controller_Peripheral_v1_0_S00_AXI_inst/slv_reg1_reg[0]/C (clocked by clk_fpga_0) and design_1_i/initial_math_0/inst/derivative_reg[29]/D (clocked by clk_fpga_0). Large setup violations at the end of those stages might be difficult to fix during the post-placement implementation flow and could be the result of non-optimal XDC constraints or non-optimal design architecture
Related violations: <none>

TIMING-16#4 Warning
Large setup violation  
There is a large setup violation of -129.297 ns between design_1_i/AXI_PID_Controller_P_0/inst/AXI_PID_Controller_Peripheral_v1_0_S00_AXI_inst/slv_reg1_reg[0]/C (clocked by clk_fpga_0) and design_1_i/initial_math_0/inst/derivative_reg[28]/D (clocked by clk_fpga_0). Large setup violations at the end of those stages might be difficult to fix during the post-placement implementation flow and could be the result of non-optimal XDC constraints or non-optimal design architecture
Related violations: <none>

TIMING-16#5 Warning
Large setup violation  
There is a large setup violation of -133.353 ns between design_1_i/AXI_PID_Controller_P_0/inst/AXI_PID_Controller_Peripheral_v1_0_S00_AXI_inst/slv_reg1_reg[0]/C (clocked by clk_fpga_0) and design_1_i/initial_math_0/inst/derivative_reg[27]/D (clocked by clk_fpga_0). Large setup violations at the end of those stages might be difficult to fix during the post-placement implementation flow and could be the result of non-optimal XDC constraints or non-optimal design architecture
Related violations: <none>

TIMING-16#6 Warning
Large setup violation  
There is a large setup violation of -137.346 ns between design_1_i/AXI_PID_Controller_P_0/inst/AXI_PID_Controller_Peripheral_v1_0_S00_AXI_inst/slv_reg1_reg[0]/C (clocked by clk_fpga_0) and design_1_i/initial_math_0/inst/derivative_reg[26]/D (clocked by clk_fpga_0). Large setup violations at the end of those stages might be difficult to fix during the post-placement implementation flow and could be the result of non-optimal XDC constraints or non-optimal design architecture
Related violations: <none>

TIMING-16#7 Warning
Large setup violation  
There is a large setup violation of -141.299 ns between design_1_i/AXI_PID_Controller_P_0/inst/AXI_PID_Controller_Peripheral_v1_0_S00_AXI_inst/slv_reg1_reg[0]/C (clocked by clk_fpga_0) and design_1_i/initial_math_0/inst/derivative_reg[25]/D (clocked by clk_fpga_0). Large setup violations at the end of those stages might be difficult to fix during the post-placement implementation flow and could be the result of non-optimal XDC constraints or non-optimal design architecture
Related violations: <none>

TIMING-16#8 Warning
Large setup violation  
There is a large setup violation of -145.224 ns between design_1_i/AXI_PID_Controller_P_0/inst/AXI_PID_Controller_Peripheral_v1_0_S00_AXI_inst/slv_reg1_reg[0]/C (clocked by clk_fpga_0) and design_1_i/initial_math_0/inst/derivative_reg[24]/D (clocked by clk_fpga_0). Large setup violations at the end of those stages might be difficult to fix during the post-placement implementation flow and could be the result of non-optimal XDC constraints or non-optimal design architecture
Related violations: <none>

TIMING-16#9 Warning
Large setup violation  
There is a large setup violation of -149.293 ns between design_1_i/AXI_PID_Controller_P_0/inst/AXI_PID_Controller_Peripheral_v1_0_S00_AXI_inst/slv_reg1_reg[0]/C (clocked by clk_fpga_0) and design_1_i/initial_math_0/inst/derivative_reg[23]/D (clocked by clk_fpga_0). Large setup violations at the end of those stages might be difficult to fix during the post-placement implementation flow and could be the result of non-optimal XDC constraints or non-optimal design architecture
Related violations: <none>

TIMING-16#10 Warning
Large setup violation  
There is a large setup violation of -153.348 ns between design_1_i/AXI_PID_Controller_P_0/inst/AXI_PID_Controller_Peripheral_v1_0_S00_AXI_inst/slv_reg1_reg[0]/C (clocked by clk_fpga_0) and design_1_i/initial_math_0/inst/derivative_reg[22]/D (clocked by clk_fpga_0). Large setup violations at the end of those stages might be difficult to fix during the post-placement implementation flow and could be the result of non-optimal XDC constraints or non-optimal design architecture
Related violations: <none>

TIMING-16#11 Warning
Large setup violation  
There is a large setup violation of -157.434 ns between design_1_i/AXI_PID_Controller_P_0/inst/AXI_PID_Controller_Peripheral_v1_0_S00_AXI_inst/slv_reg1_reg[0]/C (clocked by clk_fpga_0) and design_1_i/initial_math_0/inst/derivative_reg[21]/D (clocked by clk_fpga_0). Large setup violations at the end of those stages might be difficult to fix during the post-placement implementation flow and could be the result of non-optimal XDC constraints or non-optimal design architecture
Related violations: <none>

TIMING-16#12 Warning
Large setup violation  
There is a large setup violation of -161.621 ns between design_1_i/AXI_PID_Controller_P_0/inst/AXI_PID_Controller_Peripheral_v1_0_S00_AXI_inst/slv_reg1_reg[0]/C (clocked by clk_fpga_0) and design_1_i/initial_math_0/inst/derivative_reg[20]/D (clocked by clk_fpga_0). Large setup violations at the end of those stages might be difficult to fix during the post-placement implementation flow and could be the result of non-optimal XDC constraints or non-optimal design architecture
Related violations: <none>

TIMING-16#13 Warning
Large setup violation  
There is a large setup violation of -165.655 ns between design_1_i/AXI_PID_Controller_P_0/inst/AXI_PID_Controller_Peripheral_v1_0_S00_AXI_inst/slv_reg1_reg[0]/C (clocked by clk_fpga_0) and design_1_i/initial_math_0/inst/derivative_reg[19]/D (clocked by clk_fpga_0). Large setup violations at the end of those stages might be difficult to fix during the post-placement implementation flow and could be the result of non-optimal XDC constraints or non-optimal design architecture
Related violations: <none>

TIMING-16#14 Warning
Large setup violation  
There is a large setup violation of -169.635 ns between design_1_i/AXI_PID_Controller_P_0/inst/AXI_PID_Controller_Peripheral_v1_0_S00_AXI_inst/slv_reg1_reg[0]/C (clocked by clk_fpga_0) and design_1_i/initial_math_0/inst/derivative_reg[18]/D (clocked by clk_fpga_0). Large setup violations at the end of those stages might be difficult to fix during the post-placement implementation flow and could be the result of non-optimal XDC constraints or non-optimal design architecture
Related violations: <none>

TIMING-16#15 Warning
Large setup violation  
There is a large setup violation of -173.551 ns between design_1_i/AXI_PID_Controller_P_0/inst/AXI_PID_Controller_Peripheral_v1_0_S00_AXI_inst/slv_reg1_reg[0]/C (clocked by clk_fpga_0) and design_1_i/initial_math_0/inst/derivative_reg[17]/D (clocked by clk_fpga_0). Large setup violations at the end of those stages might be difficult to fix during the post-placement implementation flow and could be the result of non-optimal XDC constraints or non-optimal design architecture
Related violations: <none>

TIMING-16#16 Warning
Large setup violation  
There is a large setup violation of -177.397 ns between design_1_i/AXI_PID_Controller_P_0/inst/AXI_PID_Controller_Peripheral_v1_0_S00_AXI_inst/slv_reg1_reg[0]/C (clocked by clk_fpga_0) and design_1_i/initial_math_0/inst/derivative_reg[16]/D (clocked by clk_fpga_0). Large setup violations at the end of those stages might be difficult to fix during the post-placement implementation flow and could be the result of non-optimal XDC constraints or non-optimal design architecture
Related violations: <none>

TIMING-16#17 Warning
Large setup violation  
There is a large setup violation of -181.221 ns between design_1_i/AXI_PID_Controller_P_0/inst/AXI_PID_Controller_Peripheral_v1_0_S00_AXI_inst/slv_reg1_reg[0]/C (clocked by clk_fpga_0) and design_1_i/initial_math_0/inst/derivative_reg[15]/D (clocked by clk_fpga_0). Large setup violations at the end of those stages might be difficult to fix during the post-placement implementation flow and could be the result of non-optimal XDC constraints or non-optimal design architecture
Related violations: <none>

TIMING-16#18 Warning
Large setup violation  
There is a large setup violation of -185.116 ns between design_1_i/AXI_PID_Controller_P_0/inst/AXI_PID_Controller_Peripheral_v1_0_S00_AXI_inst/slv_reg1_reg[0]/C (clocked by clk_fpga_0) and design_1_i/initial_math_0/inst/derivative_reg[14]/D (clocked by clk_fpga_0). Large setup violations at the end of those stages might be difficult to fix during the post-placement implementation flow and could be the result of non-optimal XDC constraints or non-optimal design architecture
Related violations: <none>

TIMING-16#19 Warning
Large setup violation  
There is a large setup violation of -189.205 ns between design_1_i/AXI_PID_Controller_P_0/inst/AXI_PID_Controller_Peripheral_v1_0_S00_AXI_inst/slv_reg1_reg[0]/C (clocked by clk_fpga_0) and design_1_i/initial_math_0/inst/derivative_reg[13]/D (clocked by clk_fpga_0). Large setup violations at the end of those stages might be difficult to fix during the post-placement implementation flow and could be the result of non-optimal XDC constraints or non-optimal design architecture
Related violations: <none>

TIMING-16#20 Warning
Large setup violation  
There is a large setup violation of -193.254 ns between design_1_i/AXI_PID_Controller_P_0/inst/AXI_PID_Controller_Peripheral_v1_0_S00_AXI_inst/slv_reg1_reg[0]/C (clocked by clk_fpga_0) and design_1_i/initial_math_0/inst/derivative_reg[12]/D (clocked by clk_fpga_0). Large setup violations at the end of those stages might be difficult to fix during the post-placement implementation flow and could be the result of non-optimal XDC constraints or non-optimal design architecture
Related violations: <none>

TIMING-16#21 Warning
Large setup violation  
There is a large setup violation of -197.346 ns between design_1_i/AXI_PID_Controller_P_0/inst/AXI_PID_Controller_Peripheral_v1_0_S00_AXI_inst/slv_reg1_reg[0]/C (clocked by clk_fpga_0) and design_1_i/initial_math_0/inst/derivative_reg[11]/D (clocked by clk_fpga_0). Large setup violations at the end of those stages might be difficult to fix during the post-placement implementation flow and could be the result of non-optimal XDC constraints or non-optimal design architecture
Related violations: <none>

TIMING-16#22 Warning
Large setup violation  
There is a large setup violation of -201.606 ns between design_1_i/AXI_PID_Controller_P_0/inst/AXI_PID_Controller_Peripheral_v1_0_S00_AXI_inst/slv_reg1_reg[0]/C (clocked by clk_fpga_0) and design_1_i/initial_math_0/inst/derivative_reg[10]/D (clocked by clk_fpga_0). Large setup violations at the end of those stages might be difficult to fix during the post-placement implementation flow and could be the result of non-optimal XDC constraints or non-optimal design architecture
Related violations: <none>

TIMING-16#23 Warning
Large setup violation  
There is a large setup violation of -204.931 ns between design_1_i/AXI_PID_Controller_P_0/inst/AXI_PID_Controller_Peripheral_v1_0_S00_AXI_inst/slv_reg1_reg[0]/C (clocked by clk_fpga_0) and design_1_i/initial_math_0/inst/derivative_reg[9]/D (clocked by clk_fpga_0). Large setup violations at the end of those stages might be difficult to fix during the post-placement implementation flow and could be the result of non-optimal XDC constraints or non-optimal design architecture
Related violations: <none>

TIMING-16#24 Warning
Large setup violation  
There is a large setup violation of -208.950 ns between design_1_i/AXI_PID_Controller_P_0/inst/AXI_PID_Controller_Peripheral_v1_0_S00_AXI_inst/slv_reg1_reg[0]/C (clocked by clk_fpga_0) and design_1_i/initial_math_0/inst/derivative_reg[8]/D (clocked by clk_fpga_0). Large setup violations at the end of those stages might be difficult to fix during the post-placement implementation flow and could be the result of non-optimal XDC constraints or non-optimal design architecture
Related violations: <none>

TIMING-16#25 Warning
Large setup violation  
There is a large setup violation of -212.768 ns between design_1_i/AXI_PID_Controller_P_0/inst/AXI_PID_Controller_Peripheral_v1_0_S00_AXI_inst/slv_reg1_reg[0]/C (clocked by clk_fpga_0) and design_1_i/initial_math_0/inst/derivative_reg[7]/D (clocked by clk_fpga_0). Large setup violations at the end of those stages might be difficult to fix during the post-placement implementation flow and could be the result of non-optimal XDC constraints or non-optimal design architecture
Related violations: <none>

TIMING-16#26 Warning
Large setup violation  
There is a large setup violation of -216.680 ns between design_1_i/AXI_PID_Controller_P_0/inst/AXI_PID_Controller_Peripheral_v1_0_S00_AXI_inst/slv_reg1_reg[0]/C (clocked by clk_fpga_0) and design_1_i/initial_math_0/inst/derivative_reg[6]/D (clocked by clk_fpga_0). Large setup violations at the end of those stages might be difficult to fix during the post-placement implementation flow and could be the result of non-optimal XDC constraints or non-optimal design architecture
Related violations: <none>

TIMING-16#27 Warning
Large setup violation  
There is a large setup violation of -220.648 ns between design_1_i/AXI_PID_Controller_P_0/inst/AXI_PID_Controller_Peripheral_v1_0_S00_AXI_inst/slv_reg1_reg[0]/C (clocked by clk_fpga_0) and design_1_i/initial_math_0/inst/derivative_reg[5]/D (clocked by clk_fpga_0). Large setup violations at the end of those stages might be difficult to fix during the post-placement implementation flow and could be the result of non-optimal XDC constraints or non-optimal design architecture
Related violations: <none>

TIMING-16#28 Warning
Large setup violation  
There is a large setup violation of -224.642 ns between design_1_i/AXI_PID_Controller_P_0/inst/AXI_PID_Controller_Peripheral_v1_0_S00_AXI_inst/slv_reg1_reg[0]/C (clocked by clk_fpga_0) and design_1_i/initial_math_0/inst/derivative_reg[4]/D (clocked by clk_fpga_0). Large setup violations at the end of those stages might be difficult to fix during the post-placement implementation flow and could be the result of non-optimal XDC constraints or non-optimal design architecture
Related violations: <none>

TIMING-16#29 Warning
Large setup violation  
There is a large setup violation of -228.611 ns between design_1_i/AXI_PID_Controller_P_0/inst/AXI_PID_Controller_Peripheral_v1_0_S00_AXI_inst/slv_reg1_reg[0]/C (clocked by clk_fpga_0) and design_1_i/initial_math_0/inst/derivative_reg[3]/D (clocked by clk_fpga_0). Large setup violations at the end of those stages might be difficult to fix during the post-placement implementation flow and could be the result of non-optimal XDC constraints or non-optimal design architecture
Related violations: <none>

TIMING-16#30 Warning
Large setup violation  
There is a large setup violation of -232.643 ns between design_1_i/AXI_PID_Controller_P_0/inst/AXI_PID_Controller_Peripheral_v1_0_S00_AXI_inst/slv_reg1_reg[0]/C (clocked by clk_fpga_0) and design_1_i/initial_math_0/inst/derivative_reg[2]/D (clocked by clk_fpga_0). Large setup violations at the end of those stages might be difficult to fix during the post-placement implementation flow and could be the result of non-optimal XDC constraints or non-optimal design architecture
Related violations: <none>

TIMING-16#31 Warning
Large setup violation  
There is a large setup violation of -236.533 ns between design_1_i/AXI_PID_Controller_P_0/inst/AXI_PID_Controller_Peripheral_v1_0_S00_AXI_inst/slv_reg1_reg[0]/C (clocked by clk_fpga_0) and design_1_i/initial_math_0/inst/derivative_reg[1]/D (clocked by clk_fpga_0). Large setup violations at the end of those stages might be difficult to fix during the post-placement implementation flow and could be the result of non-optimal XDC constraints or non-optimal design architecture
Related violations: <none>

TIMING-16#32 Warning
Large setup violation  
There is a large setup violation of -240.396 ns between design_1_i/AXI_PID_Controller_P_0/inst/AXI_PID_Controller_Peripheral_v1_0_S00_AXI_inst/slv_reg1_reg[0]/C (clocked by clk_fpga_0) and design_1_i/initial_math_0/inst/derivative_reg[0]/D (clocked by clk_fpga_0). Large setup violations at the end of those stages might be difficult to fix during the post-placement implementation flow and could be the result of non-optimal XDC constraints or non-optimal design architecture
Related violations: <none>


