Copyright 1986-2021 Xilinx, Inc. All Rights Reserved.
---------------------------------------------------------------------------------------------
| Tool Version : Vivado v.2021.1 (win64) Build 3247384 Thu Jun 10 19:36:33 MDT 2021
| Date         : Mon Sep 21 03:52:13 2026
| Host         : MegaMind running 64-bit major release  (build 9200)
| Command      : report_control_sets -verbose -file design_1_wrapper_control_sets_placed.rpt
| Design       : design_1_wrapper
| Device       : xc7z010
---------------------------------------------------------------------------------------------

Control Set Information

Table of Contents
-----------------
1. Summary
2. Histogram
3. Flip-Flop Distribution
4. Detailed Control Set Information

1. Summary
----------

+----------------------------------------------------------+-------+
|                          Status                          | Count |
+----------------------------------------------------------+-------+
| Total control sets                                       |    67 |
|    Minimum number of control sets                        |    67 |
|    Addition due to synthesis replication                 |     0 |
|    Addition due to physical synthesis replication        |     0 |
| Unused register locations in slices containing registers |    89 |
+----------------------------------------------------------+-------+
* Control sets can be merged at opt_design using control_set_merge or merge_equivalent_drivers
** Run report_qor_suggestions for automated merging and remapping suggestions


2. Histogram
------------

+--------------------+-------+
|       Fanout       | Count |
+--------------------+-------+
| Total control sets |    67 |
| >= 0 to < 4        |     0 |
| >= 4 to < 6        |     9 |
| >= 6 to < 8        |     6 |
| >= 8 to < 10       |    33 |
| >= 10 to < 12      |     1 |
| >= 12 to < 14      |     3 |
| >= 14 to < 16      |     0 |
| >= 16              |    15 |
+--------------------+-------+
* Control sets can be remapped at either synth_design or opt_design


3. Flip-Flop Distribution
-------------------------

+--------------+-----------------------+------------------------+-----------------+--------------+
| Clock Enable | Synchronous Set/Reset | Asynchronous Set/Reset | Total Registers | Total Slices |
+--------------+-----------------------+------------------------+-----------------+--------------+
| No           | No                    | No                     |             229 |           71 |
| No           | No                    | Yes                    |               0 |            0 |
| No           | Yes                   | No                     |              28 |           17 |
| Yes          | No                    | No                     |             438 |          131 |
| Yes          | No                    | Yes                    |               0 |            0 |
| Yes          | Yes                   | No                     |             360 |          189 |
+--------------+-----------------------+------------------------+-----------------+--------------+


4. Detailed Control Set Information
-----------------------------------

+-------------------------------------------------+-----------------------------------------------------------------------------------------------------------------------------------------------------------------+---------------------------------------------------------------------------------------------------------------------------------------------------------+------------------+----------------+--------------+
|                   Clock Signal                  |                                                                          Enable Signal                                                                          |                                                                     Set/Reset Signal                                                                    | Slice Load Count | Bel Load Count | Bels / Slice |
+-------------------------------------------------+-----------------------------------------------------------------------------------------------------------------------------------------------------------------+---------------------------------------------------------------------------------------------------------------------------------------------------------+------------------+----------------+--------------+
|  design_1_i/processing_system7_0/inst/FCLK_CLK0 | design_1_i/AXI_PID_Controller_P_0/inst/AXI_PID_Controller_Peripheral_v1_0_S00_AXI_inst/axi_awready0                                                             | design_1_i/AXI_PID_Controller_P_0/inst/AXI_PID_Controller_Peripheral_v1_0_S00_AXI_inst/slv_reg1[31]_i_1_n_0                                             |                2 |              4 |         2.00 |
|  design_1_i/processing_system7_0/inst/FCLK_CLK0 |                                                                                                                                                                 | design_1_i/axi_interconnect_0/s00_couplers/auto_pc/inst/gen_axilite.gen_b2s_conv.axilite_b2s/SI_REG/b.b_pipe/aresetn_d_reg[1]_inv_0                     |                3 |              4 |         1.33 |
|  design_1_i/processing_system7_0/inst/FCLK_CLK0 |                                                                                                                                                                 | design_1_i/axi_interconnect_0/s00_couplers/auto_pc/inst/gen_axilite.gen_b2s_conv.axilite_b2s/SI_REG/ar.ar_pipe/aresetn_d_reg[0]_0                       |                3 |              4 |         1.33 |
|  design_1_i/processing_system7_0/inst/FCLK_CLK0 | design_1_i/axi_interconnect_0/s00_couplers/auto_pc/inst/gen_axilite.gen_b2s_conv.axilite_b2s/RD.ar_channel_0/ar_cmd_fsm_0/axi_arready_reg_2                     | design_1_i/axi_interconnect_0/s00_couplers/auto_pc/inst/gen_axilite.gen_b2s_conv.axilite_b2s/RD.ar_channel_0/ar_cmd_fsm_0/axi_arready_reg               |                2 |              4 |         2.00 |
|  design_1_i/processing_system7_0/inst/FCLK_CLK0 |                                                                                                                                                                 | design_1_i/rst_ps7_0_50M/U0/EXT_LPF/lpf_int                                                                                                             |                1 |              4 |         4.00 |
|  design_1_i/processing_system7_0/inst/FCLK_CLK0 | design_1_i/axi_interconnect_0/s00_couplers/auto_pc/inst/gen_axilite.gen_b2s_conv.axilite_b2s/WR.aw_channel_0/aw_cmd_fsm_0/E[0]                                  | design_1_i/axi_interconnect_0/s00_couplers/auto_pc/inst/gen_axilite.gen_b2s_conv.axilite_b2s/WR.aw_channel_0/aw_cmd_fsm_0/FSM_sequential_state_reg[0]_0 |                2 |              4 |         2.00 |
|  design_1_i/processing_system7_0/inst/FCLK_CLK0 | design_1_i/AXI_PID_Controller_P_0/inst/AXI_PID_Controller_Peripheral_v1_0_S00_AXI_inst/axi_arready0                                                             | design_1_i/AXI_PID_Controller_P_0/inst/AXI_PID_Controller_Peripheral_v1_0_S00_AXI_inst/slv_reg1[31]_i_1_n_0                                             |                2 |              4 |         2.00 |
|  design_1_i/processing_system7_0/inst/FCLK_CLK0 | design_1_i/axi_interconnect_0/s00_couplers/auto_pc/inst/gen_axilite.gen_b2s_conv.axilite_b2s/RD.r_channel_0/rd_data_fifo_0/cnt_read[4]_i_1__0_n_0               | design_1_i/axi_interconnect_0/s00_couplers/auto_pc/inst/gen_axilite.gen_b2s_conv.axilite_b2s/areset_d1                                                  |                2 |              5 |         2.50 |
|  design_1_i/processing_system7_0/inst/FCLK_CLK0 | design_1_i/axi_interconnect_0/s00_couplers/auto_pc/inst/gen_axilite.gen_b2s_conv.axilite_b2s/RD.r_channel_0/transaction_fifo_0/cnt_read[4]_i_1_n_0              | design_1_i/axi_interconnect_0/s00_couplers/auto_pc/inst/gen_axilite.gen_b2s_conv.axilite_b2s/areset_d1                                                  |                2 |              5 |         2.50 |
|  design_1_i/processing_system7_0/inst/FCLK_CLK0 |                                                                                                                                                                 | design_1_i/AXI_PID_Controller_P_0/inst/AXI_PID_Controller_Peripheral_v1_0_S00_AXI_inst/slv_reg1[31]_i_1_n_0                                             |                4 |              6 |         1.50 |
|  design_1_i/processing_system7_0/inst/FCLK_CLK0 | design_1_i/rst_ps7_0_50M/U0/SEQ/seq_cnt_en                                                                                                                      | design_1_i/rst_ps7_0_50M/U0/SEQ/SEQ_COUNTER/clear                                                                                                       |                1 |              6 |         6.00 |
|  design_1_i/processing_system7_0/inst/FCLK_CLK0 | design_1_i/axi_interconnect_0/s00_couplers/auto_pc/inst/gen_axilite.gen_b2s_conv.axilite_b2s/WR.aw_channel_0/aw_cmd_fsm_0/FSM_sequential_state_reg[0]_2[0]      |                                                                                                                                                         |                2 |              6 |         3.00 |
|  design_1_i/processing_system7_0/inst/FCLK_CLK0 | design_1_i/axi_interconnect_0/s00_couplers/auto_pc/inst/gen_axilite.gen_b2s_conv.axilite_b2s/WR.aw_channel_0/cmd_translator_0/incr_cmd_0/axaddr_incr[5]_i_1_n_0 |                                                                                                                                                         |                2 |              6 |         3.00 |
|  design_1_i/processing_system7_0/inst/FCLK_CLK0 | design_1_i/axi_interconnect_0/s00_couplers/auto_pc/inst/gen_axilite.gen_b2s_conv.axilite_b2s/RD.ar_channel_0/ar_cmd_fsm_0/E[0]                                  |                                                                                                                                                         |                3 |              6 |         2.00 |
|  design_1_i/processing_system7_0/inst/FCLK_CLK0 | design_1_i/axi_interconnect_0/s00_couplers/auto_pc/inst/gen_axilite.gen_b2s_conv.axilite_b2s/RD.ar_channel_0/ar_cmd_fsm_0/sel_first_reg[0]                      |                                                                                                                                                         |                2 |              6 |         3.00 |
|  design_1_i/processing_system7_0/inst/FCLK_CLK0 | design_1_i/AXI_PID_Controller_P_0/inst/AXI_PID_Controller_Peripheral_v1_0_S00_AXI_inst/slv_reg0[23]_i_1_n_0                                                     | design_1_i/AXI_PID_Controller_P_0/inst/AXI_PID_Controller_Peripheral_v1_0_S00_AXI_inst/slv_reg1[31]_i_1_n_0                                             |                4 |              8 |         2.00 |
|  design_1_i/processing_system7_0/inst/FCLK_CLK0 | design_1_i/axi_interconnect_0/s00_couplers/auto_pc/inst/gen_axilite.gen_b2s_conv.axilite_b2s/WR.b_channel_0/mhandshake_r                                        | design_1_i/axi_interconnect_0/s00_couplers/auto_pc/inst/gen_axilite.gen_b2s_conv.axilite_b2s/WR.b_channel_0/bid_fifo_0/SR[0]                            |                3 |              8 |         2.67 |
|  design_1_i/processing_system7_0/inst/FCLK_CLK0 | design_1_i/AXI_PID_Controller_P_0/inst/AXI_PID_Controller_Peripheral_v1_0_S00_AXI_inst/slv_reg0[0]_i_1_n_0                                                      | design_1_i/AXI_PID_Controller_P_0/inst/AXI_PID_Controller_Peripheral_v1_0_S00_AXI_inst/slv_reg1[31]_i_1_n_0                                             |                4 |              8 |         2.00 |
|  design_1_i/processing_system7_0/inst/FCLK_CLK0 | design_1_i/AXI_PID_Controller_P_0/inst/AXI_PID_Controller_Peripheral_v1_0_S00_AXI_inst/slv_reg2[23]_i_1_n_0                                                     | design_1_i/AXI_PID_Controller_P_0/inst/AXI_PID_Controller_Peripheral_v1_0_S00_AXI_inst/slv_reg1[31]_i_1_n_0                                             |                4 |              8 |         2.00 |
|  design_1_i/processing_system7_0/inst/FCLK_CLK0 | design_1_i/AXI_PID_Controller_P_0/inst/AXI_PID_Controller_Peripheral_v1_0_S00_AXI_inst/slv_reg2[31]_i_1_n_0                                                     | design_1_i/AXI_PID_Controller_P_0/inst/AXI_PID_Controller_Peripheral_v1_0_S00_AXI_inst/slv_reg1[31]_i_1_n_0                                             |                4 |              8 |         2.00 |
|  design_1_i/processing_system7_0/inst/FCLK_CLK0 | design_1_i/AXI_PID_Controller_P_0/inst/AXI_PID_Controller_Peripheral_v1_0_S00_AXI_inst/slv_reg2[7]_i_1_n_0                                                      | design_1_i/AXI_PID_Controller_P_0/inst/AXI_PID_Controller_Peripheral_v1_0_S00_AXI_inst/slv_reg1[31]_i_1_n_0                                             |                5 |              8 |         1.60 |
|  design_1_i/processing_system7_0/inst/FCLK_CLK0 | design_1_i/AXI_PID_Controller_P_0/inst/AXI_PID_Controller_Peripheral_v1_0_S00_AXI_inst/slv_reg3[15]_i_1_n_0                                                     | design_1_i/AXI_PID_Controller_P_0/inst/AXI_PID_Controller_Peripheral_v1_0_S00_AXI_inst/slv_reg1[31]_i_1_n_0                                             |                5 |              8 |         1.60 |
|  design_1_i/processing_system7_0/inst/FCLK_CLK0 | design_1_i/AXI_PID_Controller_P_0/inst/AXI_PID_Controller_Peripheral_v1_0_S00_AXI_inst/slv_reg3[31]_i_1_n_0                                                     | design_1_i/AXI_PID_Controller_P_0/inst/AXI_PID_Controller_Peripheral_v1_0_S00_AXI_inst/slv_reg1[31]_i_1_n_0                                             |                3 |              8 |         2.67 |
|  design_1_i/processing_system7_0/inst/FCLK_CLK0 | design_1_i/AXI_PID_Controller_P_0/inst/AXI_PID_Controller_Peripheral_v1_0_S00_AXI_inst/slv_reg3[7]_i_1_n_0                                                      | design_1_i/AXI_PID_Controller_P_0/inst/AXI_PID_Controller_Peripheral_v1_0_S00_AXI_inst/slv_reg1[31]_i_1_n_0                                             |                5 |              8 |         1.60 |
|  design_1_i/processing_system7_0/inst/FCLK_CLK0 | design_1_i/AXI_PID_Controller_P_0/inst/AXI_PID_Controller_Peripheral_v1_0_S00_AXI_inst/slv_reg4[23]_i_1_n_0                                                     | design_1_i/AXI_PID_Controller_P_0/inst/AXI_PID_Controller_Peripheral_v1_0_S00_AXI_inst/slv_reg1[31]_i_1_n_0                                             |                3 |              8 |         2.67 |
|  design_1_i/processing_system7_0/inst/FCLK_CLK0 | design_1_i/AXI_PID_Controller_P_0/inst/AXI_PID_Controller_Peripheral_v1_0_S00_AXI_inst/slv_reg4[7]_i_1_n_0                                                      | design_1_i/AXI_PID_Controller_P_0/inst/AXI_PID_Controller_Peripheral_v1_0_S00_AXI_inst/slv_reg1[31]_i_1_n_0                                             |                5 |              8 |         1.60 |
|  design_1_i/processing_system7_0/inst/FCLK_CLK0 | design_1_i/AXI_PID_Controller_P_0/inst/AXI_PID_Controller_Peripheral_v1_0_S00_AXI_inst/slv_reg5[15]_i_1_n_0                                                     | design_1_i/AXI_PID_Controller_P_0/inst/AXI_PID_Controller_Peripheral_v1_0_S00_AXI_inst/slv_reg1[31]_i_1_n_0                                             |                4 |              8 |         2.00 |
|  design_1_i/processing_system7_0/inst/FCLK_CLK0 | design_1_i/AXI_PID_Controller_P_0/inst/AXI_PID_Controller_Peripheral_v1_0_S00_AXI_inst/slv_reg5[23]_i_1_n_0                                                     | design_1_i/AXI_PID_Controller_P_0/inst/AXI_PID_Controller_Peripheral_v1_0_S00_AXI_inst/slv_reg1[31]_i_1_n_0                                             |                3 |              8 |         2.67 |
|  design_1_i/processing_system7_0/inst/FCLK_CLK0 | design_1_i/AXI_PID_Controller_P_0/inst/AXI_PID_Controller_Peripheral_v1_0_S00_AXI_inst/slv_reg5[31]_i_1_n_0                                                     | design_1_i/AXI_PID_Controller_P_0/inst/AXI_PID_Controller_Peripheral_v1_0_S00_AXI_inst/slv_reg1[31]_i_1_n_0                                             |                6 |              8 |         1.33 |
|  design_1_i/processing_system7_0/inst/FCLK_CLK0 | design_1_i/AXI_PID_Controller_P_0/inst/AXI_PID_Controller_Peripheral_v1_0_S00_AXI_inst/slv_reg2[15]_i_1_n_0                                                     | design_1_i/AXI_PID_Controller_P_0/inst/AXI_PID_Controller_Peripheral_v1_0_S00_AXI_inst/slv_reg1[31]_i_1_n_0                                             |                4 |              8 |         2.00 |
|  design_1_i/processing_system7_0/inst/FCLK_CLK0 | design_1_i/AXI_PID_Controller_P_0/inst/AXI_PID_Controller_Peripheral_v1_0_S00_AXI_inst/slv_reg0[15]_i_1_n_0                                                     | design_1_i/AXI_PID_Controller_P_0/inst/AXI_PID_Controller_Peripheral_v1_0_S00_AXI_inst/slv_reg1[31]_i_1_n_0                                             |                5 |              8 |         1.60 |
|  design_1_i/processing_system7_0/inst/FCLK_CLK0 | design_1_i/AXI_PID_Controller_P_0/inst/AXI_PID_Controller_Peripheral_v1_0_S00_AXI_inst/slv_reg4[15]_i_1_n_0                                                     | design_1_i/AXI_PID_Controller_P_0/inst/AXI_PID_Controller_Peripheral_v1_0_S00_AXI_inst/slv_reg1[31]_i_1_n_0                                             |                3 |              8 |         2.67 |
|  design_1_i/processing_system7_0/inst/FCLK_CLK0 | design_1_i/AXI_PID_Controller_P_0/inst/AXI_PID_Controller_Peripheral_v1_0_S00_AXI_inst/slv_reg4[31]_i_1_n_0                                                     | design_1_i/AXI_PID_Controller_P_0/inst/AXI_PID_Controller_Peripheral_v1_0_S00_AXI_inst/slv_reg1[31]_i_1_n_0                                             |                7 |              8 |         1.14 |
|  design_1_i/processing_system7_0/inst/FCLK_CLK0 | design_1_i/AXI_PID_Controller_P_0/inst/AXI_PID_Controller_Peripheral_v1_0_S00_AXI_inst/slv_reg5[7]_i_1_n_0                                                      | design_1_i/AXI_PID_Controller_P_0/inst/AXI_PID_Controller_Peripheral_v1_0_S00_AXI_inst/slv_reg1[31]_i_1_n_0                                             |                5 |              8 |         1.60 |
|  design_1_i/processing_system7_0/inst/FCLK_CLK0 | design_1_i/AXI_PID_Controller_P_0/inst/AXI_PID_Controller_Peripheral_v1_0_S00_AXI_inst/slv_reg3[23]_i_1_n_0                                                     | design_1_i/AXI_PID_Controller_P_0/inst/AXI_PID_Controller_Peripheral_v1_0_S00_AXI_inst/slv_reg1[31]_i_1_n_0                                             |                3 |              8 |         2.67 |
|  design_1_i/processing_system7_0/inst/FCLK_CLK0 | design_1_i/AXI_PID_Controller_P_0/inst/AXI_PID_Controller_Peripheral_v1_0_S00_AXI_inst/slv_reg0[31]_i_1_n_0                                                     | design_1_i/AXI_PID_Controller_P_0/inst/AXI_PID_Controller_Peripheral_v1_0_S00_AXI_inst/slv_reg1[31]_i_1_n_0                                             |                4 |              8 |         2.00 |
|  design_1_i/processing_system7_0/inst/FCLK_CLK0 | design_1_i/AXI_PID_Controller_P_0/inst/AXI_PID_Controller_Peripheral_v1_0_S00_AXI_inst/slv_reg6[23]_i_1_n_0                                                     | design_1_i/AXI_PID_Controller_P_0/inst/AXI_PID_Controller_Peripheral_v1_0_S00_AXI_inst/slv_reg1[31]_i_1_n_0                                             |                2 |              8 |         4.00 |
|  design_1_i/processing_system7_0/inst/FCLK_CLK0 | design_1_i/AXI_PID_Controller_P_0/inst/AXI_PID_Controller_Peripheral_v1_0_S00_AXI_inst/slv_reg7[31]_i_1_n_0                                                     | design_1_i/AXI_PID_Controller_P_0/inst/AXI_PID_Controller_Peripheral_v1_0_S00_AXI_inst/slv_reg1[31]_i_1_n_0                                             |                3 |              8 |         2.67 |
|  design_1_i/processing_system7_0/inst/FCLK_CLK0 | design_1_i/AXI_PID_Controller_P_0/inst/AXI_PID_Controller_Peripheral_v1_0_S00_AXI_inst/slv_reg7[7]_i_1_n_0                                                      | design_1_i/AXI_PID_Controller_P_0/inst/AXI_PID_Controller_Peripheral_v1_0_S00_AXI_inst/slv_reg1[31]_i_1_n_0                                             |                2 |              8 |         4.00 |
|  design_1_i/processing_system7_0/inst/FCLK_CLK0 | design_1_i/AXI_PID_Controller_P_0/inst/AXI_PID_Controller_Peripheral_v1_0_S00_AXI_inst/slv_reg6[31]_i_1_n_0                                                     | design_1_i/AXI_PID_Controller_P_0/inst/AXI_PID_Controller_Peripheral_v1_0_S00_AXI_inst/slv_reg1[31]_i_1_n_0                                             |                2 |              8 |         4.00 |
|  design_1_i/processing_system7_0/inst/FCLK_CLK0 | design_1_i/AXI_PID_Controller_P_0/inst/AXI_PID_Controller_Peripheral_v1_0_S00_AXI_inst/p_1_in[15]                                                               | design_1_i/AXI_PID_Controller_P_0/inst/AXI_PID_Controller_Peripheral_v1_0_S00_AXI_inst/slv_reg1[31]_i_1_n_0                                             |                3 |              8 |         2.67 |
|  design_1_i/processing_system7_0/inst/FCLK_CLK0 | design_1_i/AXI_PID_Controller_P_0/inst/AXI_PID_Controller_Peripheral_v1_0_S00_AXI_inst/slv_reg6[15]_i_1_n_0                                                     | design_1_i/AXI_PID_Controller_P_0/inst/AXI_PID_Controller_Peripheral_v1_0_S00_AXI_inst/slv_reg1[31]_i_1_n_0                                             |                3 |              8 |         2.67 |
|  design_1_i/processing_system7_0/inst/FCLK_CLK0 | design_1_i/AXI_PID_Controller_P_0/inst/AXI_PID_Controller_Peripheral_v1_0_S00_AXI_inst/p_1_in[31]                                                               | design_1_i/AXI_PID_Controller_P_0/inst/AXI_PID_Controller_Peripheral_v1_0_S00_AXI_inst/slv_reg1[31]_i_1_n_0                                             |                3 |              8 |         2.67 |
|  design_1_i/processing_system7_0/inst/FCLK_CLK0 | design_1_i/AXI_PID_Controller_P_0/inst/AXI_PID_Controller_Peripheral_v1_0_S00_AXI_inst/p_1_in[7]                                                                | design_1_i/AXI_PID_Controller_P_0/inst/AXI_PID_Controller_Peripheral_v1_0_S00_AXI_inst/slv_reg1[31]_i_1_n_0                                             |                6 |              8 |         1.33 |
|  design_1_i/processing_system7_0/inst/FCLK_CLK0 | design_1_i/AXI_PID_Controller_P_0/inst/AXI_PID_Controller_Peripheral_v1_0_S00_AXI_inst/slv_reg6[7]_i_1_n_0                                                      | design_1_i/AXI_PID_Controller_P_0/inst/AXI_PID_Controller_Peripheral_v1_0_S00_AXI_inst/slv_reg1[31]_i_1_n_0                                             |                3 |              8 |         2.67 |
|  design_1_i/processing_system7_0/inst/FCLK_CLK0 | design_1_i/AXI_PID_Controller_P_0/inst/AXI_PID_Controller_Peripheral_v1_0_S00_AXI_inst/p_1_in[23]                                                               | design_1_i/AXI_PID_Controller_P_0/inst/AXI_PID_Controller_Peripheral_v1_0_S00_AXI_inst/slv_reg1[31]_i_1_n_0                                             |                3 |              8 |         2.67 |
|  design_1_i/processing_system7_0/inst/FCLK_CLK0 | design_1_i/AXI_PID_Controller_P_0/inst/AXI_PID_Controller_Peripheral_v1_0_S00_AXI_inst/slv_reg7[15]_i_1_n_0                                                     | design_1_i/AXI_PID_Controller_P_0/inst/AXI_PID_Controller_Peripheral_v1_0_S00_AXI_inst/slv_reg1[31]_i_1_n_0                                             |                2 |              8 |         4.00 |
|  design_1_i/processing_system7_0/inst/FCLK_CLK0 | design_1_i/AXI_PID_Controller_P_0/inst/AXI_PID_Controller_Peripheral_v1_0_S00_AXI_inst/slv_reg7[23]_i_1_n_0                                                     | design_1_i/AXI_PID_Controller_P_0/inst/AXI_PID_Controller_Peripheral_v1_0_S00_AXI_inst/slv_reg1[31]_i_1_n_0                                             |                2 |              8 |         4.00 |
|  design_1_i/processing_system7_0/inst/FCLK_CLK0 |                                                                                                                                                                 | design_1_i/axi_interconnect_0/s00_couplers/auto_pc/inst/gen_axilite.gen_b2s_conv.axilite_b2s/areset_d1                                                  |                6 |             10 |         1.67 |
|  design_1_i/processing_system7_0/inst/FCLK_CLK0 | design_1_i/axi_interconnect_0/s00_couplers/auto_pc/inst/gen_axilite.gen_b2s_conv.axilite_b2s/SI_REG/b.b_pipe/p_1_in                                             |                                                                                                                                                         |                3 |             12 |         4.00 |
|  design_1_i/processing_system7_0/inst/FCLK_CLK0 | design_1_i/axi_interconnect_0/s00_couplers/auto_pc/inst/gen_axilite.gen_b2s_conv.axilite_b2s/SI_REG/b.b_pipe/s_ready_i_reg_0                                    |                                                                                                                                                         |                3 |             12 |         4.00 |
|  design_1_i/processing_system7_0/inst/FCLK_CLK0 | design_1_i/axi_interconnect_0/s00_couplers/auto_pc/inst/gen_axilite.gen_b2s_conv.axilite_b2s/RD.r_channel_0/r_push_r                                            |                                                                                                                                                         |                4 |             13 |         3.25 |
|  design_1_i/processing_system7_0/inst/FCLK_CLK0 | design_1_i/axi_interconnect_0/s00_couplers/auto_pc/inst/gen_axilite.gen_b2s_conv.axilite_b2s/RD.ar_channel_0/ar_cmd_fsm_0/axi_arready_reg_2                     |                                                                                                                                                         |                8 |             16 |         2.00 |
|  design_1_i/processing_system7_0/inst/FCLK_CLK0 | design_1_i/axi_interconnect_0/s00_couplers/auto_pc/inst/gen_axilite.gen_b2s_conv.axilite_b2s/WR.aw_channel_0/aw_cmd_fsm_0/FSM_sequential_state_reg[0]_3         |                                                                                                                                                         |                3 |             16 |         5.33 |
|  design_1_i/processing_system7_0/inst/FCLK_CLK0 | design_1_i/axi_interconnect_0/s00_couplers/auto_pc/inst/gen_axilite.gen_b2s_conv.axilite_b2s/WR.aw_channel_0/aw_cmd_fsm_0/E[0]                                  |                                                                                                                                                         |                7 |             16 |         2.29 |
|  design_1_i/processing_system7_0/inst/FCLK_CLK0 | design_1_i/axi_interconnect_0/s00_couplers/auto_pc/inst/gen_axilite.gen_b2s_conv.axilite_b2s/SI_REG/ar.ar_pipe/s_ready_i_reg_0                                  |                                                                                                                                                         |                6 |             27 |         4.50 |
|  design_1_i/processing_system7_0/inst/FCLK_CLK0 | design_1_i/axi_interconnect_0/s00_couplers/auto_pc/inst/gen_axilite.gen_b2s_conv.axilite_b2s/RD.ar_channel_0/ar_cmd_fsm_0/FSM_sequential_state_reg[1]_0[0]      |                                                                                                                                                         |                6 |             27 |         4.50 |
|  design_1_i/processing_system7_0/inst/FCLK_CLK0 | design_1_i/axi_interconnect_0/s00_couplers/auto_pc/inst/gen_axilite.gen_b2s_conv.axilite_b2s/WR.aw_channel_0/aw_cmd_fsm_0/m_valid_i_reg[0]                      |                                                                                                                                                         |                5 |             27 |         5.40 |
|  design_1_i/processing_system7_0/inst/FCLK_CLK0 | design_1_i/axi_interconnect_0/s00_couplers/auto_pc/inst/gen_axilite.gen_b2s_conv.axilite_b2s/SI_REG/aw.aw_pipe/s_ready_i_reg_0                                  |                                                                                                                                                         |                6 |             27 |         4.50 |
|  design_1_i/processing_system7_0/inst/FCLK_CLK0 | design_1_i/AXI_PID_Controller_P_0/inst/AXI_PID_Controller_Peripheral_v1_0_S00_AXI_inst/slv_reg_rden__0                                                          | design_1_i/AXI_PID_Controller_P_0/inst/AXI_PID_Controller_Peripheral_v1_0_S00_AXI_inst/slv_reg1[31]_i_1_n_0                                             |               21 |             32 |         1.52 |
|  design_1_i/processing_system7_0/inst/FCLK_CLK0 | design_1_i/axi_interconnect_0/s00_couplers/auto_pc/inst/gen_axilite.gen_b2s_conv.axilite_b2s/RD.r_channel_0/rd_data_fifo_0/wr_en0                               |                                                                                                                                                         |                8 |             32 |         4.00 |
|  design_1_i/processing_system7_0/inst/FCLK_CLK0 | design_1_i/term_calculation_0/inst/p_0_in                                                                                                                       |                                                                                                                                                         |               11 |             32 |         2.91 |
|  design_1_i/processing_system7_0/inst/FCLK_CLK0 | design_1_i/time_calc_0/inst/new_angle_pass_on                                                                                                                   | design_1_i/initial_math_0/inst/derivative[31]_i_1_n_0                                                                                                   |               32 |             32 |         1.00 |
|  design_1_i/processing_system7_0/inst/FCLK_CLK0 | design_1_i/axi_interconnect_0/s00_couplers/auto_pc/inst/gen_axilite.gen_b2s_conv.axilite_b2s/SI_REG/r.r_pipe/s_ready_i_reg_0                                    |                                                                                                                                                         |               14 |             45 |         3.21 |
|  design_1_i/processing_system7_0/inst/FCLK_CLK0 | design_1_i/axi_interconnect_0/s00_couplers/auto_pc/inst/gen_axilite.gen_b2s_conv.axilite_b2s/SI_REG/r.r_pipe/p_1_in                                             |                                                                                                                                                         |               15 |             45 |         3.00 |
|  design_1_i/processing_system7_0/inst/FCLK_CLK0 | design_1_i/time_calc_0/inst/new_angle_pass_on                                                                                                                   |                                                                                                                                                         |               38 |            128 |         3.37 |
|  design_1_i/processing_system7_0/inst/FCLK_CLK0 |                                                                                                                                                                 |                                                                                                                                                         |               72 |            230 |         3.19 |
+-------------------------------------------------+-----------------------------------------------------------------------------------------------------------------------------------------------------------------+---------------------------------------------------------------------------------------------------------------------------------------------------------+------------------+----------------+--------------+


